// Jest Snapshot v1, https://goo.gl/fbAQLP

exports[`Design System/Core/Table Default smoke-test 1`] = `
<div class="relative w-full overflow-auto">
  <table class="w-full caption-bottom text-sm">
    <caption class="mt-4 text-muted-foreground text-sm">
      A list of your recent invoices.
    </caption>
    <thead class="[&amp;_tr]:border-b">
      <tr class="border-b transition-colors hover:bg-muted/50 data-[state=selected]:bg-muted">
        <th class="h-10 px-2 text-left align-middle font-medium text-muted-foreground [&amp;:has([role=checkbox])]:pr-0 [&amp;>[role=checkbox]]:translate-y-[2px] w-[100px]">
          Invoice
        </th>
        <th class="h-10 px-2 text-left align-middle font-medium text-muted-foreground [&amp;:has([role=checkbox])]:pr-0 [&amp;>[role=checkbox]]:translate-y-[2px]">
          Status
        </th>
        <th class="h-10 px-2 text-left align-middle font-medium text-muted-foreground [&amp;:has([role=checkbox])]:pr-0 [&amp;>[role=checkbox]]:translate-y-[2px]">
          Method
        </th>
        <th class="h-10 px-2 align-middle font-medium text-muted-foreground [&amp;:has([role=checkbox])]:pr-0 [&amp;>[role=checkbox]]:translate-y-[2px] text-right">
          Amount
        </th>
      </tr>
    </thead>
    <tbody class="[&amp;_tr:last-child]:border-0">
      <tr class="border-b transition-colors hover:bg-muted/50 data-[state=selected]:bg-muted">
        <td class="p-2 align-middle [&amp;:has([role=checkbox])]:pr-0 [&amp;>[role=checkbox]]:translate-y-[2px] font-medium">
          INV001
        </td>
        <td class="p-2 align-middle [&amp;:has([role=checkbox])]:pr-0 [&amp;>[role=checkbox]]:translate-y-[2px]">
          Paid
        </td>
        <td class="p-2 align-middle [&amp;:has([role=checkbox])]:pr-0 [&amp;>[role=checkbox]]:translate-y-[2px]">
          Credit Card
        </td>
        <td class="p-2 align-middle [&amp;:has([role=checkbox])]:pr-0 [&amp;>[role=checkbox]]:translate-y-[2px] text-right">
          $250.00
        </td>
      </tr>
      <tr class="border-b transition-colors hover:bg-muted/50 data-[state=selected]:bg-muted">
        <td class="p-2 align-middle [&amp;:has([role=checkbox])]:pr-0 [&amp;>[role=checkbox]]:translate-y-[2px] font-medium">
          INV002
        </td>
        <td class="p-2 align-middle [&amp;:has([role=checkbox])]:pr-0 [&amp;>[role=checkbox]]:translate-y-[2px]">
          Pending
        </td>
        <td class="p-2 align-middle [&amp;:has([role=checkbox])]:pr-0 [&amp;>[role=checkbox]]:translate-y-[2px]">
          PayPal
        </td>
        <td class="p-2 align-middle [&amp;:has([role=checkbox])]:pr-0 [&amp;>[role=checkbox]]:translate-y-[2px] text-right">
          $150.00
        </td>
      </tr>
      <tr class="border-b transition-colors hover:bg-muted/50 data-[state=selected]:bg-muted">
        <td class="p-2 align-middle [&amp;:has([role=checkbox])]:pr-0 [&amp;>[role=checkbox]]:translate-y-[2px] font-medium">
          INV003
        </td>
        <td class="p-2 align-middle [&amp;:has([role=checkbox])]:pr-0 [&amp;>[role=checkbox]]:translate-y-[2px]">
          Unpaid
        </td>
        <td class="p-2 align-middle [&amp;:has([role=checkbox])]:pr-0 [&amp;>[role=checkbox]]:translate-y-[2px]">
          Bank Transfer
        </td>
        <td class="p-2 align-middle [&amp;:has([role=checkbox])]:pr-0 [&amp;>[role=checkbox]]:translate-y-[2px] text-right">
          $350.00
        </td>
      </tr>
      <tr class="border-b transition-colors hover:bg-muted/50 data-[state=selected]:bg-muted">
        <td class="p-2 align-middle [&amp;:has([role=checkbox])]:pr-0 [&amp;>[role=checkbox]]:translate-y-[2px] font-medium">
          INV004
        </td>
        <td class="p-2 align-middle [&amp;:has([role=checkbox])]:pr-0 [&amp;>[role=checkbox]]:translate-y-[2px]">
          Paid
        </td>
        <td class="p-2 align-middle [&amp;:has([role=checkbox])]:pr-0 [&amp;>[role=checkbox]]:translate-y-[2px]">
          Credit Card
        </td>
        <td class="p-2 align-middle [&amp;:has([role=checkbox])]:pr-0 [&amp;>[role=checkbox]]:translate-y-[2px] text-right">
          $450.00
        </td>
      </tr>
    </tbody>
  </table>
</div>
`;
