// Jest Snapshot v1, https://goo.gl/fbAQLP

exports[`Design System/Core/Tooltip Bottom smoke-test 1`] = `
<button data-state="closed">
  <svg xmlns="http://www.w3.org/2000/svg"
       width="24"
       height="24"
       viewbox="0 0 24 24"
       fill="none"
       stroke="currentColor"
       stroke-width="2"
       stroke-linecap="round"
       stroke-linejoin="round"
       class="lucide lucide-plus h-4 w-4"
  >
    <path d="M5 12h14">
    </path>
    <path d="M12 5v14">
    </path>
  </svg>
  <span class="sr-only">
    Add
  </span>
</button>
`;

exports[`Design System/Core/Tooltip Default smoke-test 1`] = `
<button data-state="closed">
  <svg xmlns="http://www.w3.org/2000/svg"
       width="24"
       height="24"
       viewbox="0 0 24 24"
       fill="none"
       stroke="currentColor"
       stroke-width="2"
       stroke-linecap="round"
       stroke-linejoin="round"
       class="lucide lucide-plus h-4 w-4"
  >
    <path d="M5 12h14">
    </path>
    <path d="M12 5v14">
    </path>
  </svg>
  <span class="sr-only">
    Add
  </span>
</button>
`;

exports[`Design System/Core/Tooltip Left smoke-test 1`] = `
<button data-state="closed">
  <svg xmlns="http://www.w3.org/2000/svg"
       width="24"
       height="24"
       viewbox="0 0 24 24"
       fill="none"
       stroke="currentColor"
       stroke-width="2"
       stroke-linecap="round"
       stroke-linejoin="round"
       class="lucide lucide-plus h-4 w-4"
  >
    <path d="M5 12h14">
    </path>
    <path d="M12 5v14">
    </path>
  </svg>
  <span class="sr-only">
    Add
  </span>
</button>
`;

exports[`Design System/Core/Tooltip Right smoke-test 1`] = `
<button data-state="closed">
  <svg xmlns="http://www.w3.org/2000/svg"
       width="24"
       height="24"
       viewbox="0 0 24 24"
       fill="none"
       stroke="currentColor"
       stroke-width="2"
       stroke-linecap="round"
       stroke-linejoin="round"
       class="lucide lucide-plus h-4 w-4"
  >
    <path d="M5 12h14">
    </path>
    <path d="M12 5v14">
    </path>
  </svg>
  <span class="sr-only">
    Add
  </span>
</button>
`;
