// Jest Snapshot v1, https://goo.gl/fbAQLP

exports[`ui/NavigationMenu Default smoke-test 1`] = `
<nav aria-label="Main"
     data-orientation="horizontal"
     dir="ltr"
     class="relative z-10 flex max-w-max flex-1 items-center justify-center"
>
  <div style="position: relative;">
    <ul data-orientation="horizontal"
        class="group flex flex-1 list-none items-center justify-center space-x-1"
        dir="ltr"
    >
      <li>
        <a class="group inline-flex h-9 w-max items-center justify-center rounded-md bg-background px-4 py-2 text-sm font-medium transition-colors hover:bg-accent hover:text-accent-foreground focus:bg-accent focus:text-accent-foreground focus:outline-none disabled:pointer-events-none disabled:opacity-50 data-[active]:bg-accent/50 data-[state=open]:bg-accent/50"
           data-radix-collection-item
        >
          Overview
        </a>
      </li>
      <div style="position: relative;">
        <ul data-orientation="horizontal"
            class="group flex flex-1 list-none items-center justify-center space-x-1"
            dir="ltr"
        >
          <li>
            <button id="radix-:r0:-trigger-radix-:r2:"
                    data-state="closed"
                    aria-expanded="false"
                    aria-controls="radix-:r0:-content-radix-:r2:"
                    class="group group group inline-flex h-9 w-max items-center justify-center rounded-md bg-background px-4 py-2 text-sm font-medium transition-colors hover:bg-accent hover:text-accent-foreground focus:bg-accent focus:text-accent-foreground focus:outline-none disabled:pointer-events-none disabled:opacity-50 data-[active]:bg-accent/50 data-[state=open]:bg-accent/50"
                    data-radix-collection-item
            >
              Documentation
              <svg xmlns="http://www.w3.org/2000/svg"
                   width="24"
                   height="24"
                   viewbox="0 0 24 24"
                   fill="none"
                   stroke="currentColor"
                   stroke-width="2"
                   stroke-linecap="round"
                   stroke-linejoin="round"
                   class="lucide lucide-chevron-down relative top-[1px] ml-1 h-3 w-3 transition duration-300 group-data-[state=open]:rotate-180"
                   aria-hidden="true"
              >
                <path d="m6 9 6 6 6-6">
                </path>
              </svg>
            </button>
          </li>
        </ul>
      </div>
      <li>
        <a class="group inline-flex h-9 w-max items-center justify-center rounded-md bg-background px-4 py-2 text-sm font-medium transition-colors hover:bg-accent hover:text-accent-foreground focus:bg-accent focus:text-accent-foreground focus:outline-none disabled:pointer-events-none disabled:opacity-50 data-[active]:bg-accent/50 data-[state=open]:bg-accent/50"
           href="https:www.google.com"
           target="_blank"
           data-radix-collection-item
        >
          External
        </a>
      </li>
    </ul>
  </div>
  <div class="absolute top-full left-0 flex justify-center">
  </div>
</nav>
`;
