// Jest Snapshot v1, https://goo.gl/fbAQLP

exports[`design/Radius Core smoke-test 1`] = `
<table class="w-full table-auto text-left text-foreground text-sm rtl:text-right">
  <thead class="bg-muted text-xs uppercase">
    <tr>
      <th scope="col"
          class="px-6 py-3"
      >
        Name
      </th>
      <th scope="col"
          class="hidden px-6 py-3 sm:table-cell"
      >
        Size
      </th>
      <th scope="col"
          class="px-6 py-3"
      >
        <span class="sr-only">
          Preview
        </span>
      </th>
    </tr>
  </thead>
  <tbody>
    <tr class="border-b bg-card">
      <td class="px-6 py-4">
        none
      </td>
      <td class="hidden px-6 py-4 sm:table-cell">
        0px
      </td>
      <td class="px-6 py-4">
        <div class="size-20 border-2 bg-background"
             style="border-radius: 0px;"
        >
        </div>
      </td>
    </tr>
    <tr class="border-b bg-card">
      <td class="px-6 py-4">
        sm
      </td>
      <td class="hidden px-6 py-4 sm:table-cell">
        calc(0.5rem - 4px)
      </td>
      <td class="px-6 py-4">
        <div class="size-20 border-2 bg-background"
             style="border-radius: calc(var(--radius) - 4px);"
        >
        </div>
      </td>
    </tr>
    <tr class="border-b bg-card">
      <td class="px-6 py-4">
        DEFAULT
      </td>
      <td class="hidden px-6 py-4 sm:table-cell">
        0.25rem
      </td>
      <td class="px-6 py-4">
        <div class="size-20 border-2 bg-background"
             style="border-radius: 0.25rem;"
        >
        </div>
      </td>
    </tr>
    <tr class="border-b bg-card">
      <td class="px-6 py-4">
        md
      </td>
      <td class="hidden px-6 py-4 sm:table-cell">
        calc(0.5rem - 2px)
      </td>
      <td class="px-6 py-4">
        <div class="size-20 border-2 bg-background"
             style="border-radius: calc(var(--radius) - 2px);"
        >
        </div>
      </td>
    </tr>
    <tr class="border-b bg-card">
      <td class="px-6 py-4">
        lg
      </td>
      <td class="hidden px-6 py-4 sm:table-cell">
        0.5rem
      </td>
      <td class="px-6 py-4">
        <div class="size-20 border-2 bg-background"
             style="border-radius: var(--radius);"
        >
        </div>
      </td>
    </tr>
    <tr class="border-b bg-card">
      <td class="px-6 py-4">
        xl
      </td>
      <td class="hidden px-6 py-4 sm:table-cell">
        calc(0.5rem + 4px)
      </td>
      <td class="px-6 py-4">
        <div class="size-20 border-2 bg-background"
             style="border-radius: calc(var(--radius) + 4px);"
        >
        </div>
      </td>
    </tr>
    <tr class="border-b bg-card">
      <td class="px-6 py-4">
        2xl
      </td>
      <td class="hidden px-6 py-4 sm:table-cell">
        1rem
      </td>
      <td class="px-6 py-4">
        <div class="size-20 border-2 bg-background"
             style="border-radius: 1rem;"
        >
        </div>
      </td>
    </tr>
    <tr class="border-b bg-card">
      <td class="px-6 py-4">
        3xl
      </td>
      <td class="hidden px-6 py-4 sm:table-cell">
        1.5rem
      </td>
      <td class="px-6 py-4">
        <div class="size-20 border-2 bg-background"
             style="border-radius: 1.5rem;"
        >
        </div>
      </td>
    </tr>
    <tr class="border-b bg-card">
      <td class="px-6 py-4">
        full
      </td>
      <td class="hidden px-6 py-4 sm:table-cell">
        9999px
      </td>
      <td class="px-6 py-4">
        <div class="size-20 border-2 bg-background"
             style="border-radius: 9999px;"
        >
        </div>
      </td>
    </tr>
  </tbody>
</table>
`;
